
[1m[46m RUN [49m[22m [36mv4.0.18 [39m[90mG:/Programas/StoryForge[39m

node.exe : [90mstderr[2m | 
src/App.test.tsx[2m > 
[22m[2mrenders Bem-vindo ├á 
Forja title
No linha:1 caractere:1
+ & "C:\Program 
Files\nodejs/node.exe" 
"C:\Program 
Files\nodejs/node_mo ...
+ ~~~~~~~~~~~~~~~~~~~~~~~~~~~~~
~~~~~~~~~~~~~~~~~~~~~~~~~~~~~~~
~~~~~~~~~
    + CategoryInfo          :  
   NotSpecified: ([90mstderr  
  [2m... ├á Forja title:Str   
 ing) [], RemoteException
    + FullyQualifiedErrorId :  
   NativeCommandError
 
[22m[39mAn error occurred in 
the <ProjectSelector> 
component.

Consider adding an error 
boundary to your tree to 
customize error handling 
behavior.
Visit https://react.dev/link/er
ror-boundaries to learn more 
about error boundaries.


 [31mÔØ»[39m src/App.test.tsx [2m([22m[2m1 test[22m[2m | [22m[31m1 failed[39m[2m)[22m[33m 1039[2mms[22m[39m
[31m   [31m├ù[31m renders Bem-vindo ├á Forja title[39m[33m 1037[2mms[22m[39m

[31mÔÄ»ÔÄ»ÔÄ»ÔÄ»ÔÄ»ÔÄ»ÔÄ»[39m
[1m[41m Failed Tests 1 [49m
[22m[31mÔÄ»ÔÄ»ÔÄ»ÔÄ»ÔÄ»ÔÄ»ÔÄ»
[39m

[41m[1m FAIL [22m[49m 
src/App.test.tsx[2m > 
[22mrenders Bem-vindo ├á 
Forja title
[31m[1mTestingLibraryElementE
rror[22m: Unable to find an 
element with the text: 
/Bem-vindo ├á Forja/i. This 
could be because the text is 
broken up by multiple 
elements. In this case, you 
can provide a function for 
your text matcher to make your 
matcher more flexible.

Ignored nodes: comments, 
script, style
[36m<body>[31m
  [36m<div />[31m
[36m</body>[31m

Ignored nodes: comments, 
script, style
[36m<html>[31m
  [36m<head />[31m
  [36m<body>[31m
    [36m<div />[31m
  [36m</body>[31m
[36m</html>[31m[39m
[90m [2mÔØ»[22m 
Proxy.waitForWrapper node_modul
es/@testing-library/dom/dist/wa
it-for.js:[2m163:27[22m[39m
[36m [2mÔØ»[22m src/App.test
.tsx:[2m12:9[22m[39m
    [90m 10| [39m[34mtest[3
9m([32m"renders Bem-vindo ├á 
Forja title"[39m[33m,[39m 
[35masync[39m () 
[33m=>[39m {
    [90m 11| [39m  [34mrende
r[39m([33m<[39m[33mApp[39m
 [33m/[39m[33m>[39m)[33m;
[39m
    [90m 12| [39m  
[35mawait[39m 
[34mwaitFor[39m(() 
[33m=>[39m {
    [90m   | [39m        
[31m^[39m
    [90m 13| [39m    
[35mconst[39m linkElement 
[33m=[39m screen[33m.[39m[
34mgetByText[39m([36m/Bem-vin
do ├á Forja/i[39m)[33m;[39m
    [90m 14| [39m    [34mexp
ect[39m(linkElement)[33m.[39
m[34mtoBeInTheDocument[39m()
[33m;[39m

[31m[2mÔÄ»ÔÄ»ÔÄ»ÔÄ»ÔÄ»ÔÄ»ÔÄ»Ô
Ä»ÔÄ»ÔÄ»ÔÄ»ÔÄ»ÔÄ»ÔÄ»ÔÄ»ÔÄ»ÔÄ»ÔÄ
»ÔÄ»ÔÄ»ÔÄ»ÔÄ»ÔÄ»ÔÄ»[1/1]ÔÄ»[22
m[39m

[31mÔÄ»ÔÄ»ÔÄ»ÔÄ»ÔÄ»ÔÄ»[39m[1
m[41m Unhandled Errors [49m[
22m[31mÔÄ»ÔÄ»ÔÄ»ÔÄ»ÔÄ»ÔÄ»[39m
[31m[1m
Vitest caught 1 unhandled 
error during the test run.
This might cause false 
positive tests. Resolve 
unhandled errors to make sure 
your tests are not 
affected.[22m[39m

[31mÔÄ»ÔÄ»ÔÄ»ÔÄ»ÔÄ»[39m[1m[
41m Uncaught Exception [49m[2
2m[31mÔÄ»ÔÄ»ÔÄ»ÔÄ»ÔÄ»[39m
[31m[1mTypeError[22m: 
projects.map is not a 
function[39m
[36m [2mÔØ»[22m 
ProjectSelector src/ui/componen
ts/project/ProjectSelector.tsx:
[2m127:21[22m[39m

[2m Test Files [22m [1m[31m1 failed[39m[22m[90m (1)[39m
[2m      Tests [22m [1m[31m1 failed[39m[22m[90m (1)[39m
[2m     Errors [22m [1m[31m1 error[39m[22m
[2m   Start at [22m 20:35:45
[2m   Duration [22m 3.73s[2m (transform 421ms, setup 190ms, import 746ms, tests 1.04s, environment 1.44s)[22m

    [90m125| [39m      ) 
[33m:[39m (
    [90m126| [39m        
<div className="grid 
grid-cols-1 md:grid-cols-2 
lg:grid-cols-3ÔÇª
    [90m127| [39m          [
33m{[39mprojects[33m.[39m[3
4mmap[39m((project) 
[33m=>[39m (
    [90m   | [39m            
        [31m^[39m
    [90m128| [39m            
[33m<[39m[33mbutton[39m
    [90m129| [39m            
  [33mkey[39m[33m=[39m[33m
{[39mproject[33m.[39mid[33m
.[39mvalue[33m}[39m
[90m [2mÔØ»[22m Object.react
_stack_bottom_frame node_module
s/react-dom/cjs/react-dom-clien
t.development.js:[2m25904:20[
22m[39m
[90m [2mÔØ»[22m 
renderWithHooks node_modules/re
act-dom/cjs/react-dom-client.de
velopment.js:[2m7662:22[22m[
39m
[90m [2mÔØ»[22m 
updateFunctionComponent node_mo
dules/react-dom/cjs/react-dom-c
lient.development.js:[2m10166:
19[22m[39m
[90m [2mÔØ»[22m beginWork no
de_modules/react-dom/cjs/react-
dom-client.development.js:[2m1
1778:18[22m[39m
[90m [2mÔØ»[22m 
runWithFiberInDEV node_modules/
react-dom/cjs/react-dom-client.
development.js:[2m874:13[22m
[39m
[90m [2mÔØ»[22m 
performUnitOfWork node_modules/
react-dom/cjs/react-dom-client.
development.js:[2m17641:22[22
m[39m
[90m [2mÔØ»[22m 
workLoopSync node_modules/react
-dom/cjs/react-dom-client.devel
opment.js:[2m17469:41[22m[39
m
[90m [2mÔØ»[22m 
renderRootSync node_modules/rea
ct-dom/cjs/react-dom-client.dev
elopment.js:[2m17450:11[22m[
39m
[90m [2mÔØ»[22m 
performWorkOnRoot node_modules/
react-dom/cjs/react-dom-client.
development.js:[2m16583:35[22
m[39m

[31mThis error originated in 
"[1msrc/App.test.tsx[22m" 
test file. It doesn't mean the 
error was thrown inside the 
file itself, but while it was 
running.[39m
[31mThe latest test that 
might've caused the error is 
"[1mrenders Bem-vindo ├á 
Forja title[22m". It might 
mean one of the following:
- The error was thrown, while 
Vitest was running this test.
- If the error occurred after 
the test had been completed, 
this was the last documented 
test before it was thrown.[39m
[31mÔÄ»ÔÄ»ÔÄ»ÔÄ»ÔÄ»ÔÄ»ÔÄ»ÔÄ»ÔÄ
»ÔÄ»ÔÄ»ÔÄ»ÔÄ»ÔÄ»ÔÄ»ÔÄ»ÔÄ»ÔÄ»ÔÄ»
ÔÄ»ÔÄ»ÔÄ»ÔÄ»ÔÄ»ÔÄ»ÔÄ»ÔÄ»ÔÄ»ÔÄ»Ô
Ä»[39m

